// Jest Snapshot v1, https://goo.gl/fbAQLP

exports[`Homepage matches the snapshot 1`] = `
<div
  className="title"
>
  <h4>
    mock-text
  </h4>
</div>
`;

exports[`Title matches the snapshot 1`] = `
<div
  className="title"
>
  <h4>
    mock-text
  </h4>
</div>
`;
